// Jest Snapshot v1, https://goo.gl/fbAQLP

exports[`<EditHub /> snapshot should have a valid snapshot 1`] = `null`;
